// Jest Snapshot v1, https://goo.gl/fbAQLP

exports[`<Root> should render component 1`] = `
[
  <div
    id="sidebar"
  >
    <h1>
      Studio Ghibli Films
    </h1>
    <div />
    <nav>
      <p>
        <i>
          No films
        </i>
      </p>
    </nav>
  </div>,
  <div
    className=""
    id="detail"
  />,
]
`;
